Archive member included to satisfy reference by file (symbol)

/home/burin/SimplicityStudio_v4/developer/sdks/gecko_sdk_suite/v2.4//platform/bootloader/build/lib//libparser_efx32xg11_gcc.a(btl_ebl_parser.o)
                              ./bgapi-uart-dfu/btl_comm_bgapi.o (parser_init)
/home/burin/SimplicityStudio_v4/developer/sdks/gecko_sdk_suite/v2.4//platform/bootloader/build/lib//libbootloader_efx32xg11_gcc.a(btl_bootload.o)
                              ./bgapi-uart-dfu/btl_comm_bgapi.o (bootload_applicationCallback)
/home/burin/SimplicityStudio_v4/developer/sdks/gecko_sdk_suite/v2.4//platform/bootloader/build/lib//libbootloader_efx32xg11_gcc.a(btl_parse.o)
                              ./core/btl_main.o (core_initParser)
/home/burin/SimplicityStudio_v4/developer/sdks/gecko_sdk_suite/v2.4//platform/bootloader/build/lib//libbootloader_efx32xg11_gcc.a(btl_reset.o)
                              ./core/btl_main.o (reset_setResetReason)
/home/burin/SimplicityStudio_v4/developer/sdks/gecko_sdk_suite/v2.4//platform/bootloader/build/lib//libbootloader_efx32xg11_gcc.a(btl_internal_flash.o)
                              /home/burin/SimplicityStudio_v4/developer/sdks/gecko_sdk_suite/v2.4//platform/bootloader/build/lib//libbootloader_efx32xg11_gcc.a(btl_bootload.o) (flash_erasePage)
/home/burin/SimplicityStudio_v4/developer/toolchains/gnu_arm/7.2_2017q4/bin/../lib/gcc/arm-none-eabi/7.2.1/thumb/v7e-m/fpv4-sp/softfp/libgcc.a(_aeabi_ldivmod.o)
                              ./emlib/em_usart.o (__aeabi_ldivmod)
/home/burin/SimplicityStudio_v4/developer/toolchains/gnu_arm/7.2_2017q4/bin/../lib/gcc/arm-none-eabi/7.2.1/thumb/v7e-m/fpv4-sp/softfp/libgcc.a(_aeabi_uldivmod.o)
                              ./emlib/em_usart.o (__aeabi_uldivmod)
/home/burin/SimplicityStudio_v4/developer/toolchains/gnu_arm/7.2_2017q4/bin/../lib/gcc/arm-none-eabi/7.2.1/thumb/v7e-m/fpv4-sp/softfp/libgcc.a(_udivmoddi4.o)
                              /home/burin/SimplicityStudio_v4/developer/toolchains/gnu_arm/7.2_2017q4/bin/../lib/gcc/arm-none-eabi/7.2.1/thumb/v7e-m/fpv4-sp/softfp/libgcc.a(_aeabi_ldivmod.o) (__udivmoddi4)
/home/burin/SimplicityStudio_v4/developer/toolchains/gnu_arm/7.2_2017q4/bin/../lib/gcc/arm-none-eabi/7.2.1/thumb/v7e-m/fpv4-sp/softfp/libgcc.a(_dvmd_tls.o)
                              /home/burin/SimplicityStudio_v4/developer/toolchains/gnu_arm/7.2_2017q4/bin/../lib/gcc/arm-none-eabi/7.2.1/thumb/v7e-m/fpv4-sp/softfp/libgcc.a(_aeabi_ldivmod.o) (__aeabi_ldiv0)
/home/burin/SimplicityStudio_v4/developer/toolchains/gnu_arm/7.2_2017q4/bin/../lib/gcc/arm-none-eabi/7.2.1/../../../../arm-none-eabi/lib/thumb/v7e-m/fpv4-sp/softfp/libc_nano.a(lib_a-exit.o)
                              /home/burin/SimplicityStudio_v4/developer/toolchains/gnu_arm/7.2_2017q4/bin/../lib/gcc/arm-none-eabi/7.2.1/../../../../arm-none-eabi/lib/thumb/v7e-m/fpv4-sp/softfp/crt0.o (exit)
/home/burin/SimplicityStudio_v4/developer/toolchains/gnu_arm/7.2_2017q4/bin/../lib/gcc/arm-none-eabi/7.2.1/../../../../arm-none-eabi/lib/thumb/v7e-m/fpv4-sp/softfp/libc_nano.a(lib_a-impure.o)
                              /home/burin/SimplicityStudio_v4/developer/toolchains/gnu_arm/7.2_2017q4/bin/../lib/gcc/arm-none-eabi/7.2.1/../../../../arm-none-eabi/lib/thumb/v7e-m/fpv4-sp/softfp/libc_nano.a(lib_a-exit.o) (_global_impure_ptr)
/home/burin/SimplicityStudio_v4/developer/toolchains/gnu_arm/7.2_2017q4/bin/../lib/gcc/arm-none-eabi/7.2.1/../../../../arm-none-eabi/lib/thumb/v7e-m/fpv4-sp/softfp/libc_nano.a(lib_a-init.o)
                              /home/burin/SimplicityStudio_v4/developer/toolchains/gnu_arm/7.2_2017q4/bin/../lib/gcc/arm-none-eabi/7.2.1/../../../../arm-none-eabi/lib/thumb/v7e-m/fpv4-sp/softfp/crt0.o (__libc_init_array)
/home/burin/SimplicityStudio_v4/developer/toolchains/gnu_arm/7.2_2017q4/bin/../lib/gcc/arm-none-eabi/7.2.1/../../../../arm-none-eabi/lib/thumb/v7e-m/fpv4-sp/softfp/libc_nano.a(lib_a-locale.o)
                              ./crypto/ecc.o (__locale_ctype_ptr)
/home/burin/SimplicityStudio_v4/developer/toolchains/gnu_arm/7.2_2017q4/bin/../lib/gcc/arm-none-eabi/7.2.1/../../../../arm-none-eabi/lib/thumb/v7e-m/fpv4-sp/softfp/libc_nano.a(lib_a-mbtowc_r.o)
                              /home/burin/SimplicityStudio_v4/developer/toolchains/gnu_arm/7.2_2017q4/bin/../lib/gcc/arm-none-eabi/7.2.1/../../../../arm-none-eabi/lib/thumb/v7e-m/fpv4-sp/softfp/libc_nano.a(lib_a-locale.o) (__ascii_mbtowc)
/home/burin/SimplicityStudio_v4/developer/toolchains/gnu_arm/7.2_2017q4/bin/../lib/gcc/arm-none-eabi/7.2.1/../../../../arm-none-eabi/lib/thumb/v7e-m/fpv4-sp/softfp/libc_nano.a(lib_a-memcmp.o)
                              /home/burin/SimplicityStudio_v4/developer/sdks/gecko_sdk_suite/v2.4//platform/bootloader/build/lib//libparser_efx32xg11_gcc.a(btl_ebl_parser.o) (memcmp)
/home/burin/SimplicityStudio_v4/developer/toolchains/gnu_arm/7.2_2017q4/bin/../lib/gcc/arm-none-eabi/7.2.1/../../../../arm-none-eabi/lib/thumb/v7e-m/fpv4-sp/softfp/libc_nano.a(lib_a-memcpy-stub.o)
[...]
Memory Configuration

Name             Origin             Length             Attributes
FLASH            0x0000000000000800 0x0000000000003800 xr
RAM              0x0000000020000000 0x0000000000007c00 xrw
*default*        0x0000000000000000 0xffffffffffffffff

Linker script and memory map

LOAD /home/burin/SimplicityStudio_v4/developer/toolchains/gnu_arm/7.2_2017q4/bin/../lib/gcc/arm-none-eabi/7.2.1/thumb/v7e-m/fpv4-sp/softfp/crti.o
LOAD /home/burin/SimplicityStudio_v4/developer/toolchains/gnu_arm/7.2_2017q4/bin/../lib/gcc/arm-none-eabi/7.2.1/thumb/v7e-m/fpv4-sp/softfp/crtbegin.o
LOAD /home/burin/SimplicityStudio_v4/developer/toolchains/gnu_arm/7.2_2017q4/bin/../lib/gcc/arm-none-eabi/7.2.1/../../../../arm-none-eabi/lib/thumb/v7e-m/fpv4-sp/softfp/crt0.o
START GROUP
LOAD ./CMSIS/system_bgm1.o
LOAD ./bgapi-uart-dfu/btl_comm_bgapi.o
LOAD ./bootloader-callback-stubs.o
LOAD ./bootloader-callbacks.o
LOAD ./core/EFR32/gcc/main_btl_startup.o
LOAD ./core/btl_core.o
LOAD ./core/btl_main.o
LOAD ./crc/btl_crc16.o
LOAD ./crc/btl_crc32.o
LOAD ./crypto/btl_security_aes.o
LOAD ./crypto/btl_security_ecdsa.o
LOAD ./crypto/btl_security_sha256.o
LOAD ./crypto/ecc.o
LOAD ./delay-driver/btl_driver_delay.o
LOAD ./emlib/em_assert.o
LOAD ./emlib/em_cmu.o
LOAD ./emlib/em_core.o
LOAD ./emlib/em_crypto.o
LOAD ./emlib/em_emu.o
LOAD ./emlib/em_gpio.o
LOAD ./emlib/em_msc.o
LOAD ./emlib/em_rmu.o
LOAD ./emlib/em_se.o
LOAD ./emlib/em_system.o
LOAD ./emlib/em_timer.o
LOAD ./emlib/em_usart.o
LOAD ./emlib/em_wdog.o
LOAD ./gpio-activation/btl_gpio_activation.o
LOAD ./mbedtls/crypto_aes.o
LOAD ./mbedtls/crypto_management.o
LOAD ./mbedtls/crypto_sha.o
LOAD ./mbedtls/se_aes.o
LOAD ./mbedtls/se_sha.o
LOAD ./mbedtls/shax.o
LOAD ./parser/btl_gbl_custom_tags.o
LOAD ./parser/btl_image_parser.o
LOAD ./token-management/btl_security_tokens.o
LOAD ./uart-driver/btl_driver_uart.o
LOAD /home/burin/SimplicityStudio_v4/developer/toolchains/gnu_arm/7.2_2017q4/bin/../lib/gcc/arm-none-eabi/7.2.1/../../../../arm-none-eabi/lib/thumb/v7e-m/fpv4-sp/softfp/libnosys.a
LOAD /home/burin/SimplicityStudio_v4/developer/sdks/gecko_sdk_suite/v2.4//platform/bootloader/build/lib//libparser_efx32xg11_gcc.a
LOAD /home/burin/SimplicityStudio_v4/developer/sdks/gecko_sdk_suite/v2.4//platform/bootloader/build/lib//libbootloader_efx32xg11_gcc.a
END GROUP
START GROUP
LOAD /home/burin/SimplicityStudio_v4/developer/toolchains/gnu_arm/7.2_2017q4/bin/../lib/gcc/arm-none-eabi/7.2.1/thumb/v7e-m/fpv4-sp/softfp/libgcc.a
LOAD /home/burin/SimplicityStudio_v4/developer/toolchains/gnu_arm/7.2_2017q4/bin/../lib/gcc/arm-none-eabi/7.2.1/../../../../arm-none-eabi/lib/thumb/v7e-m/fpv4-sp/softfp/libc_nano.a
LOAD /home/burin/SimplicityStudio_v4/developer/toolchains/gnu_arm/7.2_2017q4/bin/../lib/gcc/arm-none-eabi/7.2.1/../../../../arm-none-eabi/lib/thumb/v7e-m/fpv4-sp/softfp/libnosys.a
END GROUP
START GROUP
LOAD /home/burin/SimplicityStudio_v4/developer/toolchains/gnu_arm/7.2_2017q4/bin/../lib/gcc/arm-none-eabi/7.2.1/thumb/v7e-m/fpv4-sp/softfp/libgcc.a
LOAD /home/burin/SimplicityStudio_v4/developer/toolchains/gnu_arm/7.2_2017q4/bin/../lib/gcc/arm-none-eabi/7.2.1/../../../../arm-none-eabi/lib/thumb/v7e-m/fpv4-sp/softfp/libg_nano.a
LOAD /home/burin/SimplicityStudio_v4/developer/toolchains/gnu_arm/7.2_2017q4/bin/../lib/gcc/arm-none-eabi/7.2.1/../../../../arm-none-eabi/lib/thumb/v7e-m/fpv4-sp/softfp/libc_nano.a
END GROUP
START GROUP
LOAD /home/burin/SimplicityStudio_v4/developer/toolchains/gnu_arm/7.2_2017q4/bin/../lib/gcc/arm-none-eabi/7.2.1/thumb/v7e-m/fpv4-sp/softfp/libgcc.a
LOAD /home/burin/SimplicityStudio_v4/developer/toolchains/gnu_arm/7.2_2017q4/bin/../lib/gcc/arm-none-eabi/7.2.1/../../../../arm-none-eabi/lib/thumb/v7e-m/fpv4-sp/softfp/libc_nano.a
END GROUP
LOAD /home/burin/SimplicityStudio_v4/developer/toolchains/gnu_arm/7.2_2017q4/bin/../lib/gcc/arm-none-eabi/7.2.1/thumb/v7e-m/fpv4-sp/softfp/crtend.o
LOAD /home/burin/SimplicityStudio_v4/developer/toolchains/gnu_arm/7.2_2017q4/bin/../lib/gcc/arm-none-eabi/7.2.1/thumb/v7e-m/fpv4-sp/softfp/crtn.o

.text           0x0000000000000800     0x2cbc
 *(.vectors)
 .vectors       0x0000000000000800       0x40 ./core/EFR32/gcc/main_btl_startup.o
                0x0000000000000800                __Vectors
                0x0000000000000840                __Vectors_End = .
                0x0000000000000040                __Vectors_Size = (__Vectors_End - __Vectors)
                0x0000000000000840                __end__ = .
 *(.text*)
 .text          0x0000000000000840       0x40 /home/burin/SimplicityStudio_v4/developer/toolchains/gnu_arm/7.2_2017q4/bin/../lib/gcc/arm-none-eabi/7.2.1/thumb/v7e-m/fpv4-sp/softfp/crtbegin.o
 .text.SystemHFClockGet
                0x0000000000000880       0x48 ./CMSIS/system_bgm1.o
                0x0000000000000880                SystemHFClockGet
 .text.SystemInit
                0x00000000000008c8       0x4c ./CMSIS/system_bgm1.o
                0x00000000000008c8                SystemInit
 .text.sendPacket
                0x0000000000000914        0xc ./bgapi-uart-dfu/btl_comm_bgapi.o
 .text.communication_init
                0x0000000000000920        0x4 ./bgapi-uart-dfu/btl_comm_bgapi.o
                0x0000000000000920                communication_init
 .text.communication_start
                0x0000000000000924       0x6a ./bgapi-uart-dfu/btl_comm_bgapi.o
                0x0000000000000924                communication_start
 *fill*         0x000000000000098e        0x2 
 .text.communication_main
                0x0000000000000990      0x17c ./bgapi-uart-dfu/btl_comm_bgapi.o
                0x0000000000000990                communication_main
 .text.communication_shutdown
                0x0000000000000b0c        0x2 ./bgapi-uart-dfu/btl_comm_bgapi.o
                0x0000000000000b0c                communication_shutdown
 .text.Default_Handler
                0x0000000000000b0e        0x2 ./core/EFR32/gcc/main_btl_startup.o
                0x0000000000000b0e                DebugMon_Handler
                0x0000000000000b0e                SysTick_Handler
                0x0000000000000b0e                PendSV_Handler
                0x0000000000000b0e                NMI_Handler
                0x0000000000000b0e                UsageFault_Handler
                0x0000000000000b0e                Default_Handler
                0x0000000000000b0e                MemManage_Handler
                0x0000000000000b0e                SVC_Handler
                0x0000000000000b0e                BusFault_Handler
 .text.Reset_Handler
                0x0000000000000b10       0x48 ./core/EFR32/gcc/main_btl_startup.o
                0x0000000000000b10                Reset_Handler
 .text.btl_init
                0x0000000000000b58        0x4 ./core/btl_core.o
                0x0000000000000b58                btl_init
 .text.btl_deinit
                0x0000000000000b5c        0x4 ./core/btl_core.o
                0x0000000000000b5c                btl_deinit
 .text.HardFault_Handler
                0x0000000000000b60        0xa ./core/btl_main.o
                0x0000000000000b60                HardFault_Handler
 *fill*         0x0000000000000b6a        0x2 
 .text.startup.main
                0x0000000000000b6c       0xc8 ./core/btl_main.o
                0x0000000000000b6c                main
 .text.SystemInit2
                0x0000000000000c34       0x7c ./core/btl_main.o
                0x0000000000000c34                SystemInit2
 .text.bootloader_enforceSecureBoot
                0x0000000000000cb0        0x4 ./core/btl_main.o
                0x0000000000000cb0                bootloader_enforceSecureBoot
 .text.btl_crc32Stream
                0x0000000000000cb4       0x38 ./crc/btl_crc32.o
                0x0000000000000cb4                btl_crc32Stream
 .text.btl_initAesCcm
                0x0000000000000cec       0x44 ./crypto/btl_security_aes.o
                0x0000000000000cec                btl_initAesCcm
 .text.btl_processAesCtrData
                0x0000000000000d30       0x22 ./crypto/btl_security_aes.o
                0x0000000000000d30                btl_processAesCtrData
 *fill*         0x0000000000000d52        0x2 
 .text.btl_verifyEcdsaP256r1
                0x0000000000000d54       0x6c ./crypto/btl_security_ecdsa.o
                0x0000000000000d54                btl_verifyEcdsaP256r1
 .text.btl_initSha256
                0x0000000000000dc0       0x14 ./crypto/btl_security_sha256.o
                0x0000000000000dc0                btl_initSha256
 .text.btl_updateSha256
                0x0000000000000dd4        0x4 ./crypto/btl_security_sha256.o
                0x0000000000000dd4                btl_updateSha256
 .text.btl_finalizeSha256
                0x0000000000000dd8        0x6 ./crypto/btl_security_sha256.o
                0x0000000000000dd8                btl_finalizeSha256
 .text.bigIntEqual32bitVal.part.0.constprop.6
                0x0000000000000dde       0x16 ./crypto/ecc.o
 .text.CRYPTO_DDataRead
                0x0000000000000df4       0x24 ./crypto/ecc.o
 .text.CRYPTO_DDataWrite
                0x0000000000000e18       0x24 ./crypto/ecc.o
 .text.ECC_ModularInversePrime
                0x0000000000000e3c       0x90 ./crypto/ecc.o
 .text.ECC_AddPrimeMixedProjectiveAffine
                0x0000000000000ecc      0x180 ./crypto/ecc.o
 .text.ECC_ProjectiveToAffine.constprop.1
                0x000000000000104c       0xac ./crypto/ecc.o
 .text.ECC_PointMul.constprop.2
                0x00000000000010f8      0x2ac ./crypto/ecc.o
 .text.ECC_ByteArrayToBigInt
                0x00000000000013a4       0x20 ./crypto/ecc.o
                0x00000000000013a4                ECC_ByteArrayToBigInt
 .text.ECC_ECDSA_VerifySignatureP256
                0x00000000000013c4      0x248 ./crypto/ecc.o
                0x00000000000013c4                ECC_ECDSA_VerifySignatureP256
 .text.delay_init
                0x000000000000160c       0x58 ./delay-driver/btl_driver_delay.o
                0x000000000000160c                delay_init
 .text.delay_milliseconds
                0x0000000000001664       0x44 ./delay-driver/btl_driver_delay.o
                0x0000000000001664                delay_milliseconds
 .text.delay_expired
                0x00000000000016a8       0x38 ./delay-driver/btl_driver_delay.o
                0x00000000000016a8                delay_expired
 .text.syncReg  0x00000000000016e0       0x18 ./emlib/em_cmu.o
 .text.CMU_ClockEnable
                0x00000000000016f8       0x7c ./emlib/em_cmu.o
                0x00000000000016f8                CMU_ClockEnable
 .text.CORE_EnterCritical
                0x0000000000001774        0x8 ./emlib/em_core.o
                0x0000000000001774                CORE_EnterCritical
 .text.CORE_ExitCritical
                0x000000000000177c        0x6 ./emlib/em_core.o
                0x000000000000177c                CORE_ExitCritical
 .text.CRYPTO_ModulusSet
                0x0000000000001782       0x2c ./emlib/em_crypto.o
                0x0000000000001782                CRYPTO_ModulusSet
 *fill*         0x00000000000017ae        0x2 
 .text.GPIO_PinModeSet
                0x00000000000017b0       0x84 ./emlib/em_gpio.o
                0x00000000000017b0                GPIO_PinModeSet
 .text.MSC_LoadVerifyAddress
                0x0000000000001834       0x30 ./emlib/em_msc.o
                0x0000000000001834                MSC_LoadVerifyAddress
 .text.MSC_LoadWriteData
                0x0000000000001864       0xa4 ./emlib/em_msc.o
                0x0000000000001864                MSC_LoadWriteData
 .text.MSC_WriteWordI
                0x0000000000001908       0x90 ./emlib/em_msc.o
                0x0000000000001908                MSC_WriteWordI
 .text.MSC_ErasePage
                0x0000000000001998       0x68 ./emlib/em_msc.o
                0x0000000000001998                MSC_ErasePage
 .text.MSC_WriteWord
                0x0000000000001a00        0x6 ./emlib/em_msc.o
                0x0000000000001a00                MSC_WriteWord
 *fill*         0x0000000000001a06        0x2 
 .text.SYSTEM_ChipRevisionGet
                0x0000000000001a08       0x34 ./emlib/em_system.o
                0x0000000000001a08                SYSTEM_ChipRevisionGet
 .text.TIMER_Init
                0x0000000000001a3c       0xa6 ./emlib/em_timer.o
                0x0000000000001a3c                TIMER_Init
 *fill*         0x0000000000001ae2        0x2 
 .text.gpio_enterBootloader
                0x0000000000001ae4       0x7c ./gpio-activation/btl_gpio_activation.o
                0x0000000000001ae4                gpio_enterBootloader
 .text.CRYPTO_DataReadUnaligned
                0x0000000000001b60       0x3e ./mbedtls/crypto_aes.o
 .text.CRYPTO_DataWriteUnaligned
                0x0000000000001b9e       0x44 ./mbedtls/crypto_aes.o
 .text.CRYPTO_KeyBufWrite
                0x0000000000001be2       0x5a ./mbedtls/crypto_aes.o
 .text.mbedtls_aes_init
                0x0000000000001c3c        0xc ./mbedtls/crypto_aes.o
                0x0000000000001c3c                mbedtls_aes_init
 .text.mbedtls_aes_setkey_enc
                0x0000000000001c48       0x3c ./mbedtls/crypto_aes.o
                0x0000000000001c48                mbedtls_aes_setkey_enc
 .text.mbedtls_aes_crypt_ctr
                0x0000000000001c84      0x194 ./mbedtls/crypto_aes.o
                0x0000000000001c84                mbedtls_aes_crypt_ctr
 .text.crypto_management_acquire
                0x0000000000001e18       0x14 ./mbedtls/crypto_management.o
                0x0000000000001e18                crypto_management_acquire
 .text.crypto_management_release
                0x0000000000001e2c       0x1c ./mbedtls/crypto_management.o
                0x0000000000001e2c                crypto_management_release
 .text.sha_x_process
                0x0000000000001e48      0x1f8 ./mbedtls/crypto_sha.o
                0x0000000000001e48                sha_x_process
 .text.sha_x_update
                0x0000000000002040       0xcc ./mbedtls/shax.o
                0x0000000000002040                sha_x_update
 .text.sha_x_finish
                0x000000000000210c       0xcc ./mbedtls/shax.o
                0x000000000000210c                sha_x_finish
 .text.mbedtls_sha256_init
                0x00000000000021d8        0xc ./mbedtls/shax.o
                0x00000000000021d8                mbedtls_sha256_init
 .text.mbedtls_sha256_update_ret
                0x00000000000021e4       0x26 ./mbedtls/shax.o
                0x00000000000021e4                mbedtls_sha256_update_ret
 .text.mbedtls_sha256_finish_ret
                0x000000000000220a       0x24 ./mbedtls/shax.o
                0x000000000000220a                mbedtls_sha256_finish_ret
 .text.mbedtls_sha256_starts
                0x000000000000222e       0x14 ./mbedtls/shax.o
                0x000000000000222e                mbedtls_sha256_starts
 .text.mbedtls_sha256_update
                0x0000000000002242        0x4 ./mbedtls/shax.o
                0x0000000000002242                mbedtls_sha256_update
 .text.mbedtls_sha256_finish
                0x0000000000002246        0x4 ./mbedtls/shax.o
                0x0000000000002246                mbedtls_sha256_finish
 .text.gbl_isCustomTag
                0x000000000000224a        0x4 ./parser/btl_gbl_custom_tags.o
                0x000000000000224a                gbl_isCustomTag
 .text.gbl_getCustomTagProperties
                0x000000000000224e        0x4 ./parser/btl_gbl_custom_tags.o
                0x000000000000224e                gbl_getCustomTagProperties
 .text.parser_requireAuthenticity
                0x0000000000002252        0x4 ./parser/btl_image_parser.o
                0x0000000000002252                parser_requireAuthenticity
 .text.parser_requireConfidentiality
                0x0000000000002256        0x4 ./parser/btl_image_parser.o
                0x0000000000002256                parser_requireConfidentiality
 .text.parser_getApplicationAddress
                0x000000000000225a        0xa ./parser/btl_image_parser.o
                0x000000000000225a                parser_getApplicationAddress
 .text.parser_getBootloaderUpgradeAddress
                0x0000000000002264       0x18 ./parser/btl_image_parser.o
                0x0000000000002264                parser_getBootloaderUpgradeAddress
 .text.parser_applicationUpgradeValidCallback
                0x000000000000227c        0x4 ./parser/btl_image_parser.o
                0x000000000000227c                parser_applicationUpgradeValidCallback
 .text.btl_getSignedBootloaderKeyXPtr
                0x0000000000002280        0x8 ./token-management/btl_security_tokens.o
                0x0000000000002280                btl_getSignedBootloaderKeyXPtr
 .text.btl_getSignedBootloaderKeyYPtr
                0x0000000000002288        0x8 ./token-management/btl_security_tokens.o
                0x0000000000002288                btl_getSignedBootloaderKeyYPtr
 .text.btl_getImageFileEncryptionKeyPtr
                0x0000000000002290        0x8 ./token-management/btl_security_tokens.o
                0x0000000000002290                btl_getImageFileEncryptionKeyPtr
 .text.uart_init
                0x0000000000002298      0x11c ./uart-driver/btl_driver_uart.o
                0x0000000000002298                uart_init
 .text.uart_isTxIdle
                0x00000000000023b4       0x30 ./uart-driver/btl_driver_uart.o
                0x00000000000023b4                uart_isTxIdle
 .text.uart_sendBuffer
                0x00000000000023e4       0x6c ./uart-driver/btl_driver_uart.o
                0x00000000000023e4                uart_sendBuffer
 .text.uart_getRxAvailableBytes
                0x0000000000002450       0x48 ./uart-driver/btl_driver_uart.o
                0x0000000000002450                uart_getRxAvailableBytes
 .text.uart_receiveBuffer
                0x0000000000002498       0xa4 ./uart-driver/btl_driver_uart.o
                0x0000000000002498                uart_receiveBuffer
 .text.ebl_storeData
                0x000000000000253c       0x42 /home/burin/SimplicityStudio_v4/developer/sdks/gecko_sdk_suite/v2.4//platform/bootloader/build/lib//libparser_efx32xg11_gcc.a(btl_ebl_parser.o)
 .text.ebl_getData
                0x000000000000257e       0xea /home/burin/SimplicityStudio_v4/developer/sdks/gecko_sdk_suite/v2.4//platform/bootloader/build/lib//libparser_efx32xg11_gcc.a(btl_ebl_parser.o)
 .text.ebl_parseHeader
                0x0000000000002668       0x7c /home/burin/SimplicityStudio_v4/developer/sdks/gecko_sdk_suite/v2.4//platform/bootloader/build/lib//libparser_efx32xg11_gcc.a(btl_ebl_parser.o)
 .text.gbl_writeProgData
                0x00000000000026e4       0xa4 /home/burin/SimplicityStudio_v4/developer/sdks/gecko_sdk_suite/v2.4//platform/bootloader/build/lib//libparser_efx32xg11_gcc.a(btl_ebl_parser.o)
                0x00000000000026e4                gbl_writeProgData
 .text.parser_init
                0x0000000000002788       0x72 /home/burin/SimplicityStudio_v4/developer/sdks/gecko_sdk_suite/v2.4//platform/bootloader/build/lib//libparser_efx32xg11_gcc.a(btl_ebl_parser.o)
                0x0000000000002788                parser_init
 *fill*         0x00000000000027fa        0x2 
 .text.parser_parse
                0x00000000000027fc      0x6cc /home/burin/SimplicityStudio_v4/developer/sdks/gecko_sdk_suite/v2.4//platform/bootloader/build/lib//libparser_efx32xg11_gcc.a(btl_ebl_parser.o)
                0x00000000000027fc                parser_parse
 .text.bootload_verifySecureBoot
                0x0000000000002ec8       0x80 /home/burin/SimplicityStudio_v4/developer/sdks/gecko_sdk_suite/v2.4//platform/bootloader/build/lib//libbootloader_efx32xg11_gcc.a(btl_bootload.o)
 .text.bootload_applicationCallback
                0x0000000000002f48       0x56 /home/burin/SimplicityStudio_v4/developer/sdks/gecko_sdk_suite/v2.4//platform/bootloader/build/lib//libbootloader_efx32xg11_gcc.a(btl_bootload.o)
                0x0000000000002f48                bootload_applicationCallback
 *fill*         0x0000000000002f9e        0x2 
 .text.bootload_bootloaderCallback
                0x0000000000002fa0       0x6c /home/burin/SimplicityStudio_v4/developer/sdks/gecko_sdk_suite/v2.4//platform/bootloader/build/lib//libbootloader_efx32xg11_gcc.a(btl_bootload.o)
                0x0000000000002fa0                bootload_bootloaderCallback
 .text.bootload_verifyApplication
                0x000000000000300c       0xb0 /home/burin/SimplicityStudio_v4/developer/sdks/gecko_sdk_suite/v2.4//platform/bootloader/build/lib//libbootloader_efx32xg11_gcc.a(btl_bootload.o)
                0x000000000000300c                bootload_verifyApplication
 .text.core_initParser
                0x00000000000030bc       0x30 /home/burin/SimplicityStudio_v4/developer/sdks/gecko_sdk_suite/v2.4//platform/bootloader/build/lib//libbootloader_efx32xg11_gcc.a(btl_parse.o)
                0x00000000000030bc                core_initParser
 .text.core_parseBuffer
                0x00000000000030ec       0x3a /home/burin/SimplicityStudio_v4/developer/sdks/gecko_sdk_suite/v2.4//platform/bootloader/build/lib//libbootloader_efx32xg11_gcc.a(btl_parse.o)
                0x00000000000030ec                core_parseBuffer
 .text.reset_setResetReason
                0x0000000000003126        0xe /home/burin/SimplicityStudio_v4/developer/sdks/gecko_sdk_suite/v2.4//platform/bootloader/build/lib//libbootloader_efx32xg11_gcc.a(btl_reset.o)
                0x0000000000003126                reset_setResetReason
 .text.reset_invalidateResetReason
                0x0000000000003134        0xc /home/burin/SimplicityStudio_v4/developer/sdks/gecko_sdk_suite/v2.4//platform/bootloader/build/lib//libbootloader_efx32xg11_gcc.a(btl_reset.o)
                0x0000000000003134                reset_invalidateResetReason
 .text.reset_resetWithReason
                0x0000000000003140       0x40 /home/burin/SimplicityStudio_v4/developer/sdks/gecko_sdk_suite/v2.4//platform/bootloader/build/lib//libbootloader_efx32xg11_gcc.a(btl_reset.o)
                0x0000000000003140                reset_resetWithReason
 .text.reset_classifyReset
                0x0000000000003180       0x2a /home/burin/SimplicityStudio_v4/developer/sdks/gecko_sdk_suite/v2.4//platform/bootloader/build/lib//libbootloader_efx32xg11_gcc.a(btl_reset.o)
                0x0000000000003180                reset_classifyReset
 .text.reset_getResetReason
                0x00000000000031aa        0x8 /home/burin/SimplicityStudio_v4/developer/sdks/gecko_sdk_suite/v2.4//platform/bootloader/build/lib//libbootloader_efx32xg11_gcc.a(btl_reset.o)
                0x00000000000031aa                reset_getResetReason
 *fill*         0x00000000000031b2        0x2 
 .text.flash_init
                0x00000000000031b4       0x18 /home/burin/SimplicityStudio_v4/developer/sdks/gecko_sdk_suite/v2.4//platform/bootloader/build/lib//libbootloader_efx32xg11_gcc.a(btl_internal_flash.o)
                0x00000000000031b4                flash_init
 .text.flash_deinit
                0x00000000000031cc       0x14 /home/burin/SimplicityStudio_v4/developer/sdks/gecko_sdk_suite/v2.4//platform/bootloader/build/lib//libbootloader_efx32xg11_gcc.a(btl_internal_flash.o)
                0x00000000000031cc                flash_deinit
 .text.writeHalfword
                0x00000000000031e0       0x36 /home/burin/SimplicityStudio_v4/developer/sdks/gecko_sdk_suite/v2.4//platform/bootloader/build/lib//libbootloader_efx32xg11_gcc.a(btl_internal_flash.o)
 .text.flash_erasePage
                0x0000000000003216       0x16 /home/burin/SimplicityStudio_v4/developer/sdks/gecko_sdk_suite/v2.4//platform/bootloader/build/lib//libbootloader_efx32xg11_gcc.a(btl_internal_flash.o)
                0x0000000000003216                flash_erasePage
 .text.flash_writeBuffer
                0x000000000000322c       0x70 /home/burin/SimplicityStudio_v4/developer/sdks/gecko_sdk_suite/v2.4//platform/bootloader/build/lib//libbootloader_efx32xg11_gcc.a(btl_internal_flash.o)
                0x000000000000322c                flash_writeBuffer
 .text.memcmp   0x000000000000329c       0x1e /home/burin/SimplicityStudio_v4/developer/toolchains/gnu_arm/7.2_2017q4/bin/../lib/gcc/arm-none-eabi/7.2.1/../../../../arm-none-eabi/lib/thumb/v7e-m/fpv4-sp/softfp/libc_nano.a(lib_a-memcmp.o)
                0x000000000000329c                memcmp
 .text.memcpy   0x00000000000032ba       0x16 /home/burin/SimplicityStudio_v4/developer/toolchains/gnu_arm/7.2_2017q4/bin/../lib/gcc/arm-none-eabi/7.2.1/../../../../arm-none-eabi/lib/thumb/v7e-m/fpv4-sp/softfp/libc_nano.a(lib_a-memcpy-stub.o)
                0x00000000000032ba                memcpy
 .text.memset   0x00000000000032d0       0x10 /home/burin/SimplicityStudio_v4/developer/toolchains/gnu_arm/7.2_2017q4/bin/../lib/gcc/arm-none-eabi/7.2.1/../../../../arm-none-eabi/lib/thumb/v7e-m/fpv4-sp/softfp/libc_nano.a(lib_a-memset.o)
                0x00000000000032d0                memset
 *(.init)
 .init          0x00000000000032e0        0x4 /home/burin/SimplicityStudio_v4/developer/toolchains/gnu_arm/7.2_2017q4/bin/../lib/gcc/arm-none-eabi/7.2.1/thumb/v7e-m/fpv4-sp/softfp/crti.o
                0x00000000000032e0                _init
 .init          0x00000000000032e4        0x8 /home/burin/SimplicityStudio_v4/developer/toolchains/gnu_arm/7.2_2017q4/bin/../lib/gcc/arm-none-eabi/7.2.1/thumb/v7e-m/fpv4-sp/softfp/crtn.o
 *(.fini)
 .fini          0x00000000000032ec        0x4 /home/burin/SimplicityStudio_v4/developer/toolchains/gnu_arm/7.2_2017q4/bin/../lib/gcc/arm-none-eabi/7.2.1/thumb/v7e-m/fpv4-sp/softfp/crti.o
                0x00000000000032ec                _fini
 .fini          0x00000000000032f0        0x8 /home/burin/SimplicityStudio_v4/developer/toolchains/gnu_arm/7.2_2017q4/bin/../lib/gcc/arm-none-eabi/7.2.1/thumb/v7e-m/fpv4-sp/softfp/crtn.o
 *crtbegin.o(.ctors)
 *crtbegin?.o(.ctors)
 *(EXCLUDE_FILE(*crtend.o *crtend?.o) .ctors)
 *(SORT_BY_NAME(.ctors.*))
 *(.ctors)
 *crtbegin.o(.dtors)
 *crtbegin?.o(.dtors)
 *(EXCLUDE_FILE(*crtend.o *crtend?.o) .dtors)
 *(SORT_BY_NAME(.dtors.*))
 *(.dtors)
 *(.rodata*)
 .rodata        0x00000000000032f8       0x10 ./bgapi-uart-dfu/btl_comm_bgapi.o
 .rodata.mainStageTable
                0x0000000000003308       0x34 ./core/btl_main.o
                0x0000000000003308                mainStageTable
 .rodata.ECC_Curve_Params
                0x000000000000333c       0x8c ./crypto/ecc.o
 .rodata.init_state_sha1
                0x00000000000033c8       0x20 ./mbedtls/shax.o
 .rodata.init_state_sha224
                0x00000000000033e8       0x20 ./mbedtls/shax.o
 .rodata.init_state_sha256
                0x0000000000003408       0x20 ./mbedtls/shax.o
 .rodata.shax_padding
                0x0000000000003428       0x40 ./mbedtls/shax.o
 .rodata.ldmaRxDesc
                0x0000000000003468       0x40 ./uart-driver/btl_driver_uart.o
 .rodata        0x00000000000034a8       0x10 /home/burin/SimplicityStudio_v4/developer/sdks/gecko_sdk_suite/v2.4//platform/bootloader/build/lib//libbootloader_efx32xg11_gcc.a(btl_bootload.o)
 *(.eh_frame*)
 .eh_frame      0x00000000000034b8        0x0 /home/burin/SimplicityStudio_v4/developer/toolchains/gnu_arm/7.2_2017q4/bin/../lib/gcc/arm-none-eabi/7.2.1/thumb/v7e-m/fpv4-sp/softfp/crtbegin.o
 .eh_frame      0x00000000000034b8        0x4 /home/burin/SimplicityStudio_v4/developer/toolchains/gnu_arm/7.2_2017q4/bin/../lib/gcc/arm-none-eabi/7.2.1/thumb/v7e-m/fpv4-sp/softfp/crtend.o

.glue_7         0x00000000000034bc        0x0
 .glue_7        0x00000000000034bc        0x0 linker stubs

.glue_7t        0x00000000000034bc        0x0
 .glue_7t       0x00000000000034bc        0x0 linker stubs

.vfp11_veneer   0x00000000000034bc        0x0
 .vfp11_veneer  0x00000000000034bc        0x0 linker stubs

.v4_bx          0x00000000000034bc        0x0
 .v4_bx         0x00000000000034bc        0x0 linker stubs

.iplt           0x00000000000034bc        0x0
 .iplt          0x00000000000034bc        0x0 /home/burin/SimplicityStudio_v4/developer/toolchains/gnu_arm/7.2_2017q4/bin/../lib/gcc/arm-none-eabi/7.2.1/thumb/v7e-m/fpv4-sp/softfp/crtbegin.o

.rel.dyn        0x00000000000034bc        0x0
 .rel.iplt      0x00000000000034bc        0x0 /home/burin/SimplicityStudio_v4/developer/toolchains/gnu_arm/7.2_2017q4/bin/../lib/gcc/arm-none-eabi/7.2.1/thumb/v7e-m/fpv4-sp/softfp/crtbegin.o

.ARM.extab
 *(.ARM.extab* .gnu.linkonce.armextab.*)
                0x00000000000034bc                __exidx_start = .

.ARM.exidx
 *(.ARM.exidx* .gnu.linkonce.armexidx.*)
                0x00000000000034bc                __exidx_end = .
                0x00000000000034bc                __etext = .

.crashinfo      0x0000000020000000      0x100
                0x0000000020000100                . = (. + 0x100)
 *fill*         0x0000000020000000      0x100 

.data           0x0000000020000100       0x24 load address 0x00000000000034bc
                0x0000000020000100                __data_start__ = .
 *(vtable)
 *(.data*)
 .data.SystemHFXOClock
                0x0000000020000100        0x4 ./CMSIS/system_bgm1.o
 .data.SystemHfrcoFreq
                0x0000000020000104        0x4 ./CMSIS/system_bgm1.o
                0x0000000020000104                SystemHfrcoFreq
 .data.SystemLFXOClock
                0x0000000020000108        0x4 ./CMSIS/system_bgm1.o
 .data.ldmaTxDesc
                0x000000002000010c       0x10 ./uart-driver/btl_driver_uart.o
                0x000000002000011c                . = ALIGN (0x4)
 *(.ram)
                0x000000002000011c                . = ALIGN (0x4)
                0x000000002000011c                PROVIDE (__preinit_array_start, .)
 *(.preinit_array)
                0x000000002000011c                PROVIDE (__preinit_array_end, .)
                0x000000002000011c                . = ALIGN (0x4)
                0x000000002000011c                PROVIDE (__init_array_start, .)
 *(SORT_BY_NAME(.init_array.*))
 *(.init_array)
 .init_array    0x000000002000011c        0x4 /home/burin/SimplicityStudio_v4/developer/toolchains/gnu_arm/7.2_2017q4/bin/../lib/gcc/arm-none-eabi/7.2.1/thumb/v7e-m/fpv4-sp/softfp/crtbegin.o
                0x0000000020000120                PROVIDE (__init_array_end, .)
                0x0000000020000120                . = ALIGN (0x4)
                [!provide]                        PROVIDE (__fini_array_start, .)
 *(SORT_BY_NAME(.fini_array.*))
 *(.fini_array)
 .fini_array    0x0000000020000120        0x4 /home/burin/SimplicityStudio_v4/developer/toolchains/gnu_arm/7.2_2017q4/bin/../lib/gcc/arm-none-eabi/7.2.1/thumb/v7e-m/fpv4-sp/softfp/crtbegin.o
                [!provide]                        PROVIDE (__fini_array_end, .)
 *(.jcr*)
                0x0000000020000124                . = ALIGN (0x4)
                0x0000000020000124                __data_end__ = .
                0x00000000000034e0                __rom_end__ = (__etext + SIZEOF (.data))

.igot.plt       0x0000000020000124        0x0 load address 0x00000000000034e0
 .igot.plt      0x0000000020000124        0x0 /home/burin/SimplicityStudio_v4/developer/toolchains/gnu_arm/7.2_2017q4/bin/../lib/gcc/arm-none-eabi/7.2.1/thumb/v7e-m/fpv4-sp/softfp/crtbegin.o

.bss            0x0000000020000124      0x2a8 load address 0x00000000000034e0
                0x0000000020000124                . = ALIGN (0x4)
                0x0000000020000124                __bss_start__ = .
 *(.bss*)
 .bss           0x0000000020000124       0x1c /home/burin/SimplicityStudio_v4/developer/toolchains/gnu_arm/7.2_2017q4/bin/../lib/gcc/arm-none-eabi/7.2.1/thumb/v7e-m/fpv4-sp/softfp/crtbegin.o
 .bss.delayTarget
                0x0000000020000140        0x2 ./delay-driver/btl_driver_delay.o
 .bss.expectOverflow
                0x0000000020000142        0x1 ./delay-driver/btl_driver_delay.o
 *fill*         0x0000000020000143        0x1 
 .bss.ticksPerMillisecond
                0x0000000020000144        0x4 ./delay-driver/btl_driver_delay.o
 .bss.rxBuffer  0x0000000020000148      0x200 ./uart-driver/btl_driver_uart.o
 .bss.rxHead    0x0000000020000348        0x4 ./uart-driver/btl_driver_uart.o
 .bss.txBuffer  0x000000002000034c       0x80 ./uart-driver/btl_driver_uart.o
 *(COMMON)
                0x00000000200003cc                . = ALIGN (0x4)
                0x00000000200003cc                __bss_end__ = .

.heap           0x00000000200003d0      0xc00
                0x00000000200003d0                __HeapBase = .
                0x00000000200003d0                __end__ = .
                0x00000000200003d0                end = __end__
                0x00000000200003d0                _end = __end__
 *(.heap*)
 .heap          0x00000000200003d0      0xc00 ./core/EFR32/gcc/main_btl_startup.o
                0x0000000020000fd0                __HeapLimit = .

.stack_dummy    0x0000000020000fd0     0x1000
 *(.stack*)
 .stack         0x0000000020000fd0     0x1000 ./core/EFR32/gcc/main_btl_startup.o
                0x0000000020007c00                __StackTop = (ORIGIN (RAM) + LENGTH (RAM))
                0x0000000020006c00                __StackLimit = (__StackTop - SIZEOF (.stack_dummy))
                0x0000000020007c00                PROVIDE (__stack, __StackTop)
                0x0000000000000001                ASSERT ((__StackLimit >= __HeapLimit), region RAM overflowed with stack)
                0x0000000000000001                ASSERT (((LENGTH (FLASH) - 0x4) >= ((__etext + SIZEOF (.data)) - ORIGIN (FLASH))), FLASH memory overflowed !)
OUTPUT(bootloader-uart-bgapi.axf elf32-littlearm)

.ARM.attributes
                0x0000000000000000       0x2e
 .ARM.attributes
                0x0000000000000000       0x22 /home/burin/SimplicityStudio_v4/developer/toolchains/gnu_arm/7.2_2017q4/bin/../lib/gcc/arm-none-eabi/7.2.1/thumb/v7e-m/fpv4-sp/softfp/crti.o
 .ARM.attributes
                0x0000000000000022       0x32 /home/burin/SimplicityStudio_v4/developer/toolchains/gnu_arm/7.2_2017q4/bin/../lib/gcc/arm-none-eabi/7.2.1/thumb/v7e-m/fpv4-sp/softfp/crtbegin.o
 .ARM.attributes
                0x0000000000000054       0x37 ./CMSIS/system_bgm1.o
 .ARM.attributes
                0x000000000000008b       0x37 ./bgapi-uart-dfu/btl_comm_bgapi.o
 .ARM.attributes
                0x00000000000000c2       0x37 ./core/EFR32/gcc/main_btl_startup.o
 .ARM.attributes
                0x00000000000000f9       0x37 ./core/btl_core.o
 .ARM.attributes
                0x0000000000000130       0x37 ./core/btl_main.o
 .ARM.attributes
                0x0000000000000167       0x37 ./crc/btl_crc32.o
 .ARM.attributes
                0x000000000000019e       0x37 ./crypto/btl_security_aes.o
 .ARM.attributes
                0x00000000000001d5       0x37 ./crypto/btl_security_ecdsa.o
 .ARM.attributes
                0x000000000000020c       0x37 ./crypto/btl_security_sha256.o
 .ARM.attributes
                0x0000000000000243       0x37 ./crypto/ecc.o
 .ARM.attributes
                0x000000000000027a       0x37 ./delay-driver/btl_driver_delay.o
 .ARM.attributes
                0x00000000000002b1       0x37 ./emlib/em_cmu.o
 .ARM.attributes
                0x00000000000002e8       0x37 ./emlib/em_core.o
 .ARM.attributes
                0x000000000000031f       0x37 ./emlib/em_crypto.o
 .ARM.attributes
                0x0000000000000356       0x37 ./emlib/em_gpio.o
 .ARM.attributes
                0x000000000000038d       0x37 ./emlib/em_msc.o
 .ARM.attributes
                0x00000000000003c4       0x37 ./emlib/em_system.o
 .ARM.attributes
                0x00000000000003fb       0x37 ./emlib/em_timer.o
 .ARM.attributes
                0x0000000000000432       0x37 ./gpio-activation/btl_gpio_activation.o
 .ARM.attributes
                0x0000000000000469       0x37 ./mbedtls/crypto_aes.o
 .ARM.attributes
                0x00000000000004a0       0x37 ./mbedtls/crypto_management.o
 .ARM.attributes
                0x00000000000004d7       0x37 ./mbedtls/crypto_sha.o
 .ARM.attributes
                0x000000000000050e       0x37 ./mbedtls/shax.o
 .ARM.attributes
                0x0000000000000545       0x37 ./parser/btl_gbl_custom_tags.o
 .ARM.attributes
                0x000000000000057c       0x37 ./parser/btl_image_parser.o
 .ARM.attributes
                0x00000000000005b3       0x37 ./token-management/btl_security_tokens.o
 .ARM.attributes
                0x00000000000005ea       0x37 ./uart-driver/btl_driver_uart.o
 .ARM.attributes
                0x0000000000000621       0x37 /home/burin/SimplicityStudio_v4/developer/sdks/gecko_sdk_suite/v2.4//platform/bootloader/build/lib//libparser_efx32xg11_gcc.a(btl_ebl_parser.o)
 .ARM.attributes
                0x0000000000000658       0x37 /home/burin/SimplicityStudio_v4/developer/sdks/gecko_sdk_suite/v2.4//platform/bootloader/build/lib//libbootloader_efx32xg11_gcc.a(btl_bootload.o)
 .ARM.attributes
                0x000000000000068f       0x37 /home/burin/SimplicityStudio_v4/developer/sdks/gecko_sdk_suite/v2.4//platform/bootloader/build/lib//libbootloader_efx32xg11_gcc.a(btl_parse.o)
 .ARM.attributes
                0x00000000000006c6       0x37 /home/burin/SimplicityStudio_v4/developer/sdks/gecko_sdk_suite/v2.4//platform/bootloader/build/lib//libbootloader_efx32xg11_gcc.a(btl_reset.o)
 .ARM.attributes
                0x00000000000006fd       0x37 /home/burin/SimplicityStudio_v4/developer/sdks/gecko_sdk_suite/v2.4//platform/bootloader/build/lib//libbootloader_efx32xg11_gcc.a(btl_internal_flash.o)
 .ARM.attributes
                0x0000000000000734       0x32 /home/burin/SimplicityStudio_v4/developer/toolchains/gnu_arm/7.2_2017q4/bin/../lib/gcc/arm-none-eabi/7.2.1/../../../../arm-none-eabi/lib/thumb/v7e-m/fpv4-sp/softfp/libc_nano.a(lib_a-memcmp.o)
 .ARM.attributes
                0x0000000000000766       0x32 /home/burin/SimplicityStudio_v4/developer/toolchains/gnu_arm/7.2_2017q4/bin/../lib/gcc/arm-none-eabi/7.2.1/../../../../arm-none-eabi/lib/thumb/v7e-m/fpv4-sp/softfp/libc_nano.a(lib_a-memcpy-stub.o)
 .ARM.attributes
                0x0000000000000798       0x32 /home/burin/SimplicityStudio_v4/developer/toolchains/gnu_arm/7.2_2017q4/bin/../lib/gcc/arm-none-eabi/7.2.1/../../../../arm-none-eabi/lib/thumb/v7e-m/fpv4-sp/softfp/libc_nano.a(lib_a-memset.o)
 .ARM.attributes
                0x00000000000007ca       0x32 /home/burin/SimplicityStudio_v4/developer/toolchains/gnu_arm/7.2_2017q4/bin/../lib/gcc/arm-none-eabi/7.2.1/thumb/v7e-m/fpv4-sp/softfp/crtend.o
 .ARM.attributes
                0x00000000000007fc       0x22 /home/burin/SimplicityStudio_v4/developer/toolchains/gnu_arm/7.2_2017q4/bin/../lib/gcc/arm-none-eabi/7.2.1/thumb/v7e-m/fpv4-sp/softfp/crtn.o

.comment        0x0000000000000000       0x7e
 .comment       0x0000000000000000       0x7e ./CMSIS/system_bgm1.o
                                         0x7f (size before relaxing)
 .comment       0x000000000000007e       0x7f ./bgapi-uart-dfu/btl_comm_bgapi.o
 .comment       0x000000000000007e       0x7f ./core/EFR32/gcc/main_btl_startup.o
 .comment       0x000000000000007e       0x7f ./core/btl_core.o
 .comment       0x000000000000007e       0x7f ./core/btl_main.o
 .comment       0x000000000000007e       0x7f ./crc/btl_crc32.o
 .comment       0x000000000000007e       0x7f ./crypto/btl_security_aes.o
 .comment       0x000000000000007e       0x7f ./crypto/btl_security_ecdsa.o
 .comment       0x000000000000007e       0x7f ./crypto/btl_security_sha256.o
 .comment       0x000000000000007e       0x7f ./crypto/ecc.o
 .comment       0x000000000000007e       0x7f ./delay-driver/btl_driver_delay.o
 .comment       0x000000000000007e       0x7f ./emlib/em_cmu.o
 .comment       0x000000000000007e       0x7f ./emlib/em_core.o
 .comment       0x000000000000007e       0x7f ./emlib/em_crypto.o
 .comment       0x000000000000007e       0x7f ./emlib/em_gpio.o
 .comment       0x000000000000007e       0x7f ./emlib/em_msc.o
 .comment       0x000000000000007e       0x7f ./emlib/em_system.o
 .comment       0x000000000000007e       0x7f ./emlib/em_timer.o
 .comment       0x000000000000007e       0x7f ./gpio-activation/btl_gpio_activation.o
 .comment       0x000000000000007e       0x7f ./mbedtls/crypto_aes.o
 .comment       0x000000000000007e       0x7f ./mbedtls/crypto_management.o
 .comment       0x000000000000007e       0x7f ./mbedtls/crypto_sha.o
 .comment       0x000000000000007e       0x7f ./mbedtls/shax.o
 .comment       0x000000000000007e       0x7f ./parser/btl_gbl_custom_tags.o
 .comment       0x000000000000007e       0x7f ./parser/btl_image_parser.o
 .comment       0x000000000000007e       0x7f ./token-management/btl_security_tokens.o
 .comment       0x000000000000007e       0x7f ./uart-driver/btl_driver_uart.o
 .comment       0x000000000000007e       0x7f /home/burin/SimplicityStudio_v4/developer/sdks/gecko_sdk_suite/v2.4//platform/bootloader/build/lib//libparser_efx32xg11_gcc.a(btl_ebl_parser.o)
 .comment       0x000000000000007e       0x7f /home/burin/SimplicityStudio_v4/developer/sdks/gecko_sdk_suite/v2.4//platform/bootloader/build/lib//libbootloader_efx32xg11_gcc.a(btl_bootload.o)
 .comment       0x000000000000007e       0x7f /home/burin/SimplicityStudio_v4/developer/sdks/gecko_sdk_suite/v2.4//platform/bootloader/build/lib//libbootloader_efx32xg11_gcc.a(btl_parse.o)
 .comment       0x000000000000007e       0x7f /home/burin/SimplicityStudio_v4/developer/sdks/gecko_sdk_suite/v2.4//platform/bootloader/build/lib//libbootloader_efx32xg11_gcc.a(btl_reset.o)
 .comment       0x000000000000007e       0x7f /home/burin/SimplicityStudio_v4/developer/sdks/gecko_sdk_suite/v2.4//platform/bootloader/build/lib//libbootloader_efx32xg11_gcc.a(btl_internal_flash.o)

.debug_info     0x0000000000000000    0x1cb24
 .debug_info    0x0000000000000000      0xb4f ./CMSIS/system_bgm1.o
 .debug_info    0x0000000000000b4f     0x1af2 ./bgapi-uart-dfu/btl_comm_bgapi.o
 .debug_info    0x0000000000002641      0x96f ./core/EFR32/gcc/main_btl_startup.o
 .debug_info    0x0000000000002fb0      0x12e ./core/btl_core.o
 .debug_info    0x00000000000030de     0x1ff2 ./core/btl_main.o
 .debug_info    0x00000000000050d0      0x655 ./crc/btl_crc32.o
 .debug_info    0x0000000000005725      0xdc5 ./crypto/btl_security_aes.o
 .debug_info    0x00000000000064ea     0x111e ./crypto/btl_security_ecdsa.o
 .debug_info    0x0000000000007608      0x3a2 ./crypto/btl_security_sha256.o
 .debug_info    0x00000000000079aa     0x27c9 ./crypto/ecc.o
 .debug_info    0x000000000000a173      0xa89 ./delay-driver/btl_driver_delay.o
 .debug_info    0x000000000000abfc     0x28b2 ./emlib/em_cmu.o
 .debug_info    0x000000000000d4ae      0xcfb ./emlib/em_core.o
 .debug_info    0x000000000000e1a9     0x30b1 ./emlib/em_crypto.o
 .debug_info    0x000000000001125a      0xf05 ./emlib/em_gpio.o
 .debug_info    0x000000000001215f      0x7bc ./emlib/em_msc.o
 .debug_info    0x000000000001291b      0x28e ./emlib/em_system.o
 .debug_info    0x0000000000012ba9      0x9f7 ./emlib/em_timer.o
 .debug_info    0x00000000000135a0      0x982 ./gpio-activation/btl_gpio_activation.o
 .debug_info    0x0000000000013f22     0x21bb ./mbedtls/crypto_aes.o
 .debug_info    0x00000000000160dd     0x1504 ./mbedtls/crypto_management.o
 .debug_info    0x00000000000175e1     0x1636 ./mbedtls/crypto_sha.o
 .debug_info    0x0000000000018c17     0x1715 ./mbedtls/shax.o
 .debug_info    0x000000000001a32c      0x4b3 ./parser/btl_gbl_custom_tags.o
 .debug_info    0x000000000001a7df      0x88f ./parser/btl_image_parser.o
 .debug_info    0x000000000001b06e      0x139 ./token-management/btl_security_tokens.o
 .debug_info    0x000000000001b1a7     0x197d ./uart-driver/btl_driver_uart.o

.debug_abbrev   0x0000000000000000     0x4455
 .debug_abbrev  0x0000000000000000      0x1ee ./CMSIS/system_bgm1.o
 .debug_abbrev  0x00000000000001ee      0x33d ./bgapi-uart-dfu/btl_comm_bgapi.o
 .debug_abbrev  0x000000000000052b      0x19e ./core/EFR32/gcc/main_btl_startup.o
 .debug_abbrev  0x00000000000006c9       0xb3 ./core/btl_core.o
 .debug_abbrev  0x000000000000077c      0x34b ./core/btl_main.o
 .debug_abbrev  0x0000000000000ac7       0xea ./crc/btl_crc32.o
 .debug_abbrev  0x0000000000000bb1      0x25e ./crypto/btl_security_aes.o
 .debug_abbrev  0x0000000000000e0f      0x24f ./crypto/btl_security_ecdsa.o
 .debug_abbrev  0x000000000000105e      0x18e ./crypto/btl_security_sha256.o
 .debug_abbrev  0x00000000000011ec      0x430 ./crypto/ecc.o
 .debug_abbrev  0x000000000000161c      0x1ef ./delay-driver/btl_driver_delay.o
 .debug_abbrev  0x000000000000180b      0x47b ./emlib/em_cmu.o
 .debug_abbrev  0x0000000000001c86      0x335 ./emlib/em_core.o
 .debug_abbrev  0x0000000000001fbb      0x492 ./emlib/em_crypto.o
 .debug_abbrev  0x000000000000244d      0x31d ./emlib/em_gpio.o
 .debug_abbrev  0x000000000000276a      0x274 ./emlib/em_msc.o
 .debug_abbrev  0x00000000000029de      0x12c ./emlib/em_system.o
 .debug_abbrev  0x0000000000002b0a      0x24d ./emlib/em_timer.o
 .debug_abbrev  0x0000000000002d57      0x1ff ./gpio-activation/btl_gpio_activation.o
 .debug_abbrev  0x0000000000002f56      0x473 ./mbedtls/crypto_aes.o
 .debug_abbrev  0x00000000000033c9      0x32e ./mbedtls/crypto_management.o
 .debug_abbrev  0x00000000000036f7      0x330 ./mbedtls/crypto_sha.o
 .debug_abbrev  0x0000000000003a27      0x3f5 ./mbedtls/shax.o
 .debug_abbrev  0x0000000000003e1c       0xe1 ./parser/btl_gbl_custom_tags.o
 .debug_abbrev  0x0000000000003efd      0x180 ./parser/btl_image_parser.o
 .debug_abbrev  0x000000000000407d       0x8f ./token-management/btl_security_tokens.o
 .debug_abbrev  0x000000000000410c      0x349 ./uart-driver/btl_driver_uart.o

.debug_loc      0x0000000000000000     0xaf3d
 .debug_loc     0x0000000000000000       0xa6 ./CMSIS/system_bgm1.o
 .debug_loc     0x00000000000000a6      0x188 ./bgapi-uart-dfu/btl_comm_bgapi.o
 .debug_loc     0x000000000000022e       0x63 ./core/EFR32/gcc/main_btl_startup.o
 .debug_loc     0x0000000000000291      0x2cd ./core/btl_main.o
 .debug_loc     0x000000000000055e       0xa8 ./crc/btl_crc32.o
 .debug_loc     0x0000000000000606      0x401 ./crypto/btl_security_aes.o
 .debug_loc     0x0000000000000a07       0xcc ./crypto/btl_security_ecdsa.o
 .debug_loc     0x0000000000000ad3      0x2d1 ./crypto/btl_security_sha256.o
 .debug_loc     0x0000000000000da4     0x10ca ./crypto/ecc.o
 .debug_loc     0x0000000000001e6e       0xcd ./delay-driver/btl_driver_delay.o
 .debug_loc     0x0000000000001f3b     0x1c59 ./emlib/em_cmu.o
 .debug_loc     0x0000000000003b94      0x4ec ./emlib/em_core.o
 .debug_loc     0x0000000000004080     0x2b41 ./emlib/em_crypto.o
 .debug_loc     0x0000000000006bc1      0x8ce ./emlib/em_gpio.o
 .debug_loc     0x000000000000748f      0x5af ./emlib/em_msc.o
 .debug_loc     0x0000000000007a3e       0x8d ./emlib/em_system.o
 .debug_loc     0x0000000000007acb      0x256 ./emlib/em_timer.o
 .debug_loc     0x0000000000007d21       0xa7 ./gpio-activation/btl_gpio_activation.o
 .debug_loc     0x0000000000007dc8     0x1463 ./mbedtls/crypto_aes.o
 .debug_loc     0x000000000000922b      0x197 ./mbedtls/crypto_management.o
 .debug_loc     0x00000000000093c2      0x785 ./mbedtls/crypto_sha.o
 .debug_loc     0x0000000000009b47      0xcb4 ./mbedtls/shax.o
 .debug_loc     0x000000000000a7fb       0x42 ./parser/btl_gbl_custom_tags.o
 .debug_loc     0x000000000000a83d       0x21 ./parser/btl_image_parser.o
 .debug_loc     0x000000000000a85e      0x6df ./uart-driver/btl_driver_uart.o

.debug_aranges  0x0000000000000000      0x940
 .debug_aranges
                0x0000000000000000       0x68 ./CMSIS/system_bgm1.o
 .debug_aranges
                0x0000000000000068       0x40 ./bgapi-uart-dfu/btl_comm_bgapi.o
 .debug_aranges
                0x00000000000000a8       0x28 ./core/EFR32/gcc/main_btl_startup.o
 .debug_aranges
                0x00000000000000d0       0x20 ./core/btl_core.o
 .debug_aranges
                0x00000000000000f0       0x38 ./core/btl_main.o
 .debug_aranges
                0x0000000000000128       0x20 ./crc/btl_crc32.o
 .debug_aranges
                0x0000000000000148       0x40 ./crypto/btl_security_aes.o
 .debug_aranges
                0x0000000000000188       0x20 ./crypto/btl_security_ecdsa.o
 .debug_aranges
                0x00000000000001a8       0x38 ./crypto/btl_security_sha256.o
 .debug_aranges
                0x00000000000001e0       0x80 ./crypto/ecc.o
 .debug_aranges
                0x0000000000000260       0x38 ./delay-driver/btl_driver_delay.o
 .debug_aranges
                0x0000000000000298      0x130 ./emlib/em_cmu.o
 .debug_aranges
                0x00000000000003c8       0xb8 ./emlib/em_core.o
 .debug_aranges
                0x0000000000000480       0xf0 ./emlib/em_crypto.o
 .debug_aranges
                0x0000000000000570       0x48 ./emlib/em_gpio.o
 .debug_aranges
                0x00000000000005b8       0x68 ./emlib/em_msc.o
 .debug_aranges
                0x0000000000000620       0x28 ./emlib/em_system.o
 .debug_aranges
                0x0000000000000648       0x38 ./emlib/em_timer.o
 .debug_aranges
                0x0000000000000680       0x20 ./gpio-activation/btl_gpio_activation.o
 .debug_aranges
                0x00000000000006a0       0x90 ./mbedtls/crypto_aes.o
 .debug_aranges
                0x0000000000000730       0x38 ./mbedtls/crypto_management.o
 .debug_aranges
                0x0000000000000768       0x20 ./mbedtls/crypto_sha.o
 .debug_aranges
                0x0000000000000788       0xc8 ./mbedtls/shax.o
 .debug_aranges
                0x0000000000000850       0x28 ./parser/btl_gbl_custom_tags.o
 .debug_aranges
                0x0000000000000878       0x38 ./parser/btl_image_parser.o
 .debug_aranges
                0x00000000000008b0       0x30 ./token-management/btl_security_tokens.o
 .debug_aranges
                0x00000000000008e0       0x60 ./uart-driver/btl_driver_uart.o

.debug_ranges   0x0000000000000000      0xff8
 .debug_ranges  0x0000000000000000       0x58 ./CMSIS/system_bgm1.o
 .debug_ranges  0x0000000000000058       0x30 ./bgapi-uart-dfu/btl_comm_bgapi.o
 .debug_ranges  0x0000000000000088       0x18 ./core/EFR32/gcc/main_btl_startup.o
 .debug_ranges  0x00000000000000a0       0x10 ./core/btl_core.o
 .debug_ranges  0x00000000000000b0       0x70 ./core/btl_main.o
 .debug_ranges  0x0000000000000120       0x10 ./crc/btl_crc32.o
 .debug_ranges  0x0000000000000130       0x30 ./crypto/btl_security_aes.o
 .debug_ranges  0x0000000000000160       0x10 ./crypto/btl_security_ecdsa.o
 .debug_ranges  0x0000000000000170       0x40 ./crypto/btl_security_sha256.o
 .debug_ranges  0x00000000000001b0       0xe8 ./crypto/ecc.o
 .debug_ranges  0x0000000000000298       0x28 ./delay-driver/btl_driver_delay.o
 .debug_ranges  0x00000000000002c0      0x2c8 ./emlib/em_cmu.o
 .debug_ranges  0x0000000000000588      0x100 ./emlib/em_core.o
 .debug_ranges  0x0000000000000688      0x300 ./emlib/em_crypto.o
 .debug_ranges  0x0000000000000988      0x150 ./emlib/em_gpio.o
 .debug_ranges  0x0000000000000ad8       0x58 ./emlib/em_msc.o
 .debug_ranges  0x0000000000000b30       0x18 ./emlib/em_system.o
 .debug_ranges  0x0000000000000b48       0x58 ./emlib/em_timer.o
 .debug_ranges  0x0000000000000ba0       0x58 ./gpio-activation/btl_gpio_activation.o
 .debug_ranges  0x0000000000000bf8      0x150 ./mbedtls/crypto_aes.o
 .debug_ranges  0x0000000000000d48       0x58 ./mbedtls/crypto_management.o
 .debug_ranges  0x0000000000000da0       0x58 ./mbedtls/crypto_sha.o
 .debug_ranges  0x0000000000000df8       0xf0 ./mbedtls/shax.o
 .debug_ranges  0x0000000000000ee8       0x18 ./parser/btl_gbl_custom_tags.o
 .debug_ranges  0x0000000000000f00       0x28 ./parser/btl_image_parser.o
 .debug_ranges  0x0000000000000f28       0x20 ./token-management/btl_security_tokens.o
 .debug_ranges  0x0000000000000f48       0xb0 ./uart-driver/btl_driver_uart.o

.debug_macro    0x0000000000000000    0x28bce
 .debug_macro   0x0000000000000000      0x239 ./CMSIS/system_bgm1.o
 .debug_macro   0x0000000000000239      0xa8a ./CMSIS/system_bgm1.o
 .debug_macro   0x0000000000000cc3       0x22 ./CMSIS/system_bgm1.o
 .debug_macro   0x0000000000000ce5       0x4f ./CMSIS/system_bgm1.o
 .debug_macro   0x0000000000000d34       0x51 ./CMSIS/system_bgm1.o
 .debug_macro   0x0000000000000d85       0xef ./CMSIS/system_bgm1.o
 .debug_macro   0x0000000000000e74       0x6a ./CMSIS/system_bgm1.o
 .debug_macro   0x0000000000000ede      0x1df ./CMSIS/system_bgm1.o
 .debug_macro   0x00000000000010bd      0x353 ./CMSIS/system_bgm1.o
 .debug_macro   0x0000000000001410       0x1c ./CMSIS/system_bgm1.o
 .debug_macro   0x000000000000142c       0x22 ./CMSIS/system_bgm1.o
 .debug_macro   0x000000000000144e       0xdf ./CMSIS/system_bgm1.o
 .debug_macro   0x000000000000152d      0xff5 ./CMSIS/system_bgm1.o
 .debug_macro   0x0000000000002522       0xe2 ./CMSIS/system_bgm1.o
 .debug_macro   0x0000000000002604      0xa6b ./CMSIS/system_bgm1.o
 .debug_macro   0x000000000000306f     0x1999 ./CMSIS/system_bgm1.o
 .debug_macro   0x0000000000004a08      0x32b ./CMSIS/system_bgm1.o
 .debug_macro   0x0000000000004d33     0x2a51 ./CMSIS/system_bgm1.o
 .debug_macro   0x0000000000007784     0x1b30 ./CMSIS/system_bgm1.o
 .debug_macro   0x00000000000092b4     0x2174 ./CMSIS/system_bgm1.o
 .debug_macro   0x000000000000b428     0x1771 ./CMSIS/system_bgm1.o
 .debug_macro   0x000000000000cb99      0xbef ./CMSIS/system_bgm1.o
 .debug_macro   0x000000000000d788      0x346 ./CMSIS/system_bgm1.o
 .debug_macro   0x000000000000dace      0x29e ./CMSIS/system_bgm1.o
 .debug_macro   0x000000000000dd6c     0x2765 ./CMSIS/system_bgm1.o
 .debug_macro   0x00000000000104d1     0x31ce ./CMSIS/system_bgm1.o
 .debug_macro   0x000000000001369f     0x136d ./CMSIS/system_bgm1.o
 .debug_macro   0x0000000000014a0c      0xde4 ./CMSIS/system_bgm1.o
 .debug_macro   0x00000000000157f0      0x23d ./CMSIS/system_bgm1.o
 .debug_macro   0x0000000000015a2d     0x1044 ./CMSIS/system_bgm1.o
 .debug_macro   0x0000000000016a71     0x1607 ./CMSIS/system_bgm1.o
 .debug_macro   0x0000000000018078     0x38e5 ./CMSIS/system_bgm1.o
 .debug_macro   0x000000000001b95d     0x2291 ./CMSIS/system_bgm1.o
 .debug_macro   0x000000000001dbee      0x619 ./CMSIS/system_bgm1.o
 .debug_macro   0x000000000001e207      0xfb1 ./CMSIS/system_bgm1.o
 .debug_macro   0x000000000001f1b8      0x6b7 ./CMSIS/system_bgm1.o
 .debug_macro   0x000000000001f86f     0x11af ./CMSIS/system_bgm1.o
 .debug_macro   0x0000000000020a1e       0x40 ./CMSIS/system_bgm1.o
 .debug_macro   0x0000000000020a5e      0x1d2 ./CMSIS/system_bgm1.o
 .debug_macro   0x0000000000020c30      0x1ed ./CMSIS/system_bgm1.o
 .debug_macro   0x0000000000020e1d       0xc4 ./CMSIS/system_bgm1.o
 .debug_macro   0x0000000000020ee1       0x35 ./CMSIS/system_bgm1.o
 .debug_macro   0x0000000000020f16      0x15a ./CMSIS/system_bgm1.o
 .debug_macro   0x0000000000021070      0x15a ./CMSIS/system_bgm1.o
 .debug_macro   0x00000000000211ca      0x50e ./bgapi-uart-dfu/btl_comm_bgapi.o
 .debug_macro   0x00000000000216d8       0x1c ./bgapi-uart-dfu/btl_comm_bgapi.o
 .debug_macro   0x00000000000216f4      0x11b ./bgapi-uart-dfu/btl_comm_bgapi.o
 .debug_macro   0x000000000002180f       0x1c ./bgapi-uart-dfu/btl_comm_bgapi.o
 .debug_macro   0x000000000002182b       0x22 ./bgapi-uart-dfu/btl_comm_bgapi.o
 .debug_macro   0x000000000002184d       0x10 ./bgapi-uart-dfu/btl_comm_bgapi.o
 .debug_macro   0x000000000002185d       0xe4 ./bgapi-uart-dfu/btl_comm_bgapi.o
 .debug_macro   0x0000000000021941      0x154 ./bgapi-uart-dfu/btl_comm_bgapi.o
 .debug_macro   0x0000000000021a95      0x1b9 ./bgapi-uart-dfu/btl_comm_bgapi.o
 .debug_macro   0x0000000000021c4e      0x30d ./bgapi-uart-dfu/btl_comm_bgapi.o
 .debug_macro   0x0000000000021f5b       0x73 ./bgapi-uart-dfu/btl_comm_bgapi.o
 .debug_macro   0x0000000000021fce       0x46 ./bgapi-uart-dfu/btl_comm_bgapi.o
 .debug_macro   0x0000000000022014       0x18 ./bgapi-uart-dfu/btl_comm_bgapi.o
 .debug_macro   0x000000000002202c       0x69 ./bgapi-uart-dfu/btl_comm_bgapi.o
 .debug_macro   0x0000000000022095       0x3e ./bgapi-uart-dfu/btl_comm_bgapi.o
 .debug_macro   0x00000000000220d3      0x16d ./bgapi-uart-dfu/btl_comm_bgapi.o
 .debug_macro   0x0000000000022240      0x20c ./bgapi-uart-dfu/btl_comm_bgapi.o
 .debug_macro   0x000000000002244c       0x58 ./bgapi-uart-dfu/btl_comm_bgapi.o
 .debug_macro   0x00000000000224a4       0x4c ./bgapi-uart-dfu/btl_comm_bgapi.o
 .debug_macro   0x00000000000224f0       0x3c ./bgapi-uart-dfu/btl_comm_bgapi.o
 .debug_macro   0x000000000002252c       0xa5 ./bgapi-uart-dfu/btl_comm_bgapi.o
 .debug_macro   0x00000000000225d1       0x40 ./bgapi-uart-dfu/btl_comm_bgapi.o
 .debug_macro   0x0000000000022611       0x1c ./bgapi-uart-dfu/btl_comm_bgapi.o
 .debug_macro   0x000000000002262d       0xa1 ./bgapi-uart-dfu/btl_comm_bgapi.o
 .debug_macro   0x00000000000226ce      0x372 ./bgapi-uart-dfu/btl_comm_bgapi.o
 .debug_macro   0x0000000000022a40       0x58 ./bgapi-uart-dfu/btl_comm_bgapi.o
 .debug_macro   0x0000000000022a98      0x34d ./bgapi-uart-dfu/btl_comm_bgapi.o
 .debug_macro   0x0000000000022de5       0x25 ./bgapi-uart-dfu/btl_comm_bgapi.o
 .debug_macro   0x0000000000022e0a       0xee ./bgapi-uart-dfu/btl_comm_bgapi.o
 .debug_macro   0x0000000000022ef8       0x19 ./bgapi-uart-dfu/btl_comm_bgapi.o
 .debug_macro   0x0000000000022f11       0x28 ./bgapi-uart-dfu/btl_comm_bgapi.o
 .debug_macro   0x0000000000022f39       0x18 ./bgapi-uart-dfu/btl_comm_bgapi.o
 .debug_macro   0x0000000000022f51       0x12 ./bgapi-uart-dfu/btl_comm_bgapi.o
 .debug_macro   0x0000000000022f63       0x12 ./bgapi-uart-dfu/btl_comm_bgapi.o
 .debug_macro   0x0000000000022f75       0x17 ./bgapi-uart-dfu/btl_comm_bgapi.o
 .debug_macro   0x0000000000022f8c       0x35 ./bgapi-uart-dfu/btl_comm_bgapi.o
 .debug_macro   0x0000000000022fc1       0x9c ./bgapi-uart-dfu/btl_comm_bgapi.o
 .debug_macro   0x000000000002305d       0x58 ./bgapi-uart-dfu/btl_comm_bgapi.o
 .debug_macro   0x00000000000230b5       0x1f ./bgapi-uart-dfu/btl_comm_bgapi.o
 .debug_macro   0x00000000000230d4       0x43 ./bgapi-uart-dfu/btl_comm_bgapi.o
 .debug_macro   0x0000000000023117       0x20 ./bgapi-uart-dfu/btl_comm_bgapi.o
 .debug_macro   0x0000000000023137      0x18e ./bgapi-uart-dfu/btl_comm_bgapi.o
 .debug_macro   0x00000000000232c5       0x10 ./bgapi-uart-dfu/btl_comm_bgapi.o
 .debug_macro   0x00000000000232d5       0x35 ./bgapi-uart-dfu/btl_comm_bgapi.o
 .debug_macro   0x000000000002330a      0x287 ./core/EFR32/gcc/main_btl_startup.o
 .debug_macro   0x0000000000023591      0x316 ./core/btl_core.o
 .debug_macro   0x00000000000238a7      0x4a7 ./core/btl_main.o
 .debug_macro   0x0000000000023d4e      0x22d ./crc/btl_crc32.o
 .debug_macro   0x0000000000023f7b       0x10 ./crc/btl_crc32.o
 .debug_macro   0x0000000000023f8b      0x4a5 ./crypto/btl_security_aes.o
 .debug_macro   0x0000000000024430       0x9b ./crypto/btl_security_aes.o
 .debug_macro   0x00000000000244cb       0x3a ./crypto/btl_security_aes.o
 .debug_macro   0x0000000000024505       0x1c ./crypto/btl_security_aes.o
 .debug_macro   0x0000000000024521       0x10 ./crypto/btl_security_aes.o
 .debug_macro   0x0000000000024531       0x10 ./crypto/btl_security_aes.o
 .debug_macro   0x0000000000024541       0xb6 ./crypto/btl_security_aes.o
 .debug_macro   0x00000000000245f7       0x16 ./crypto/btl_security_aes.o
 .debug_macro   0x000000000002460d      0x129 ./crypto/btl_security_aes.o
 .debug_macro   0x0000000000024736      0x325 ./crypto/btl_security_ecdsa.o
 .debug_macro   0x0000000000024a5b       0x10 ./crypto/btl_security_ecdsa.o
 .debug_macro   0x0000000000024a6b       0x22 ./crypto/btl_security_ecdsa.o
 .debug_macro   0x0000000000024a8d       0xea ./crypto/btl_security_ecdsa.o
 .debug_macro   0x0000000000024b77      0x321 ./crypto/btl_security_sha256.o
 .debug_macro   0x0000000000024e98      0x47b ./crypto/ecc.o
 .debug_macro   0x0000000000025313       0x16 ./crypto/ecc.o
 .debug_macro   0x0000000000025329       0x97 ./crypto/ecc.o
 .debug_macro   0x00000000000253c0       0xf6 ./crypto/ecc.o
 .debug_macro   0x00000000000254b6       0x16 ./crypto/ecc.o
 .debug_macro   0x00000000000254cc       0x22 ./crypto/ecc.o
 .debug_macro   0x00000000000254ee       0x52 ./crypto/ecc.o
 .debug_macro   0x0000000000025540       0x16 ./crypto/ecc.o
 .debug_macro   0x0000000000025556       0x9c ./crypto/ecc.o
 .debug_macro   0x00000000000255f2      0x1b6 ./crypto/ecc.o
 .debug_macro   0x00000000000257a8       0xba ./crypto/ecc.o
 .debug_macro   0x0000000000025862       0x1c ./crypto/ecc.o
 .debug_macro   0x000000000002587e      0x240 ./delay-driver/btl_driver_delay.o
 .debug_macro   0x0000000000025abe       0x79 ./delay-driver/btl_driver_delay.o
 .debug_macro   0x0000000000025b37      0x32b ./emlib/em_cmu.o
 .debug_macro   0x0000000000025e62      0x261 ./emlib/em_core.o
 .debug_macro   0x00000000000260c3       0x63 ./emlib/em_core.o
 .debug_macro   0x0000000000026126      0x35d ./emlib/em_crypto.o
 .debug_macro   0x0000000000026483      0x24c ./emlib/em_gpio.o
 .debug_macro   0x00000000000266cf      0x26c ./emlib/em_msc.o
 .debug_macro   0x000000000002693b       0x34 ./emlib/em_msc.o
 .debug_macro   0x000000000002696f       0x34 ./emlib/em_msc.o
 .debug_macro   0x00000000000269a3      0x23a ./emlib/em_system.o
 .debug_macro   0x0000000000026bdd      0x23a ./emlib/em_timer.o
 .debug_macro   0x0000000000026e17      0x2c5 ./gpio-activation/btl_gpio_activation.o
 .debug_macro   0x00000000000270dc      0x3b5 ./mbedtls/crypto_aes.o
 .debug_macro   0x0000000000027491       0x40 ./mbedtls/crypto_aes.o
 .debug_macro   0x00000000000274d1      0x397 ./mbedtls/crypto_management.o
 .debug_macro   0x0000000000027868      0x40e ./mbedtls/crypto_sha.o
 .debug_macro   0x0000000000027c76       0x18 ./mbedtls/crypto_sha.o
 .debug_macro   0x0000000000027c8e       0x12 ./mbedtls/crypto_sha.o
 .debug_macro   0x0000000000027ca0       0x36 ./mbedtls/crypto_sha.o
 .debug_macro   0x0000000000027cd6      0x3b3 ./mbedtls/shax.o
 .debug_macro   0x0000000000028089       0xe7 ./parser/btl_gbl_custom_tags.o
 .debug_macro   0x0000000000028170      0x315 ./parser/btl_image_parser.o
 .debug_macro   0x0000000000028485      0x21f ./token-management/btl_security_tokens.o
 .debug_macro   0x00000000000286a4      0x380 ./uart-driver/btl_driver_uart.o
 .debug_macro   0x0000000000028a24       0xf1 ./uart-driver/btl_driver_uart.o
 .debug_macro   0x0000000000028b15       0xb9 ./uart-driver/btl_driver_uart.o

.debug_line     0x0000000000000000    0x11bba
 .debug_line    0x0000000000000000      0x711 ./CMSIS/system_bgm1.o
 .debug_line    0x0000000000000711     0x11a1 ./bgapi-uart-dfu/btl_comm_bgapi.o
 .debug_line    0x00000000000018b2      0x7da ./core/EFR32/gcc/main_btl_startup.o
 .debug_line    0x000000000000208c      0xaa3 ./core/btl_core.o
 .debug_line    0x0000000000002b2f     0x1153 ./core/btl_main.o
 .debug_line    0x0000000000003c82      0x66f ./crc/btl_crc32.o
 .debug_line    0x00000000000042f1      0xdea ./crypto/btl_security_aes.o
 .debug_line    0x00000000000050db      0x8b5 ./crypto/btl_security_ecdsa.o
 .debug_line    0x0000000000005990      0xa2c ./crypto/btl_security_sha256.o
 .debug_line    0x00000000000063bc      0xee3 ./crypto/ecc.o
 .debug_line    0x000000000000729f      0x74f ./delay-driver/btl_driver_delay.o
 .debug_line    0x00000000000079ee      0xffc ./emlib/em_cmu.o
 .debug_line    0x00000000000089ea      0x8fa ./emlib/em_core.o
 .debug_line    0x00000000000092e4      0xd01 ./emlib/em_crypto.o
 .debug_line    0x0000000000009fe5      0x809 ./emlib/em_gpio.o
 .debug_line    0x000000000000a7ee      0x894 ./emlib/em_msc.o
 .debug_line    0x000000000000b082      0x6f0 ./emlib/em_system.o
 .debug_line    0x000000000000b772      0x7d1 ./emlib/em_timer.o
 .debug_line    0x000000000000bf43      0x9a9 ./gpio-activation/btl_gpio_activation.o
 .debug_line    0x000000000000c8ec      0xd9c ./mbedtls/crypto_aes.o
 .debug_line    0x000000000000d688      0xa2e ./mbedtls/crypto_management.o
 .debug_line    0x000000000000e0b6      0xb74 ./mbedtls/crypto_sha.o
 .debug_line    0x000000000000ec2a      0xb84 ./mbedtls/shax.o
 .debug_line    0x000000000000f7ae      0x541 ./parser/btl_gbl_custom_tags.o
 .debug_line    0x000000000000fcef      0xae7 ./parser/btl_image_parser.o
 .debug_line    0x00000000000107d6      0x68d ./token-management/btl_security_tokens.o
 .debug_line    0x0000000000010e63      0xd57 ./uart-driver/btl_driver_uart.o

.debug_str      0x0000000000000000    0xfc66b
 .debug_str     0x0000000000000000    0xe5293 ./CMSIS/system_bgm1.o
                                      0xe54cb (size before relaxing)
 .debug_str     0x00000000000e5293     0xa297 ./bgapi-uart-dfu/btl_comm_bgapi.o
                                      0xef2cc (size before relaxing)
 .debug_str     0x00000000000ef52a      0x198 ./core/EFR32/gcc/main_btl_startup.o
                                      0xe772f (size before relaxing)
 .debug_str     0x00000000000ef6c2       0x8f ./core/btl_core.o
                                      0xe9f11 (size before relaxing)
 .debug_str     0x00000000000ef751      0x512 ./core/btl_main.o
                                      0xedfd4 (size before relaxing)
 .debug_str     0x00000000000efc63      0x127 ./crc/btl_crc32.o
                                      0xe556d (size before relaxing)
 .debug_str     0x00000000000efd8a      0x88e ./crypto/btl_security_aes.o
                                      0xecd2c (size before relaxing)
 .debug_str     0x00000000000f0618      0x55f ./crypto/btl_security_ecdsa.o
                                      0xeadd2 (size before relaxing)
 .debug_str     0x00000000000f0b77      0x13a ./crypto/btl_security_sha256.o
                                      0xe9182 (size before relaxing)
 .debug_str     0x00000000000f0cb1     0x4077 ./crypto/ecc.o
                                      0xf0fa9 (size before relaxing)
 .debug_str     0x00000000000f4d28      0x766 ./delay-driver/btl_driver_delay.o
                                      0xe5955 (size before relaxing)
 .debug_str     0x00000000000f548e      0xd62 ./emlib/em_cmu.o
                                      0xe9956 (size before relaxing)
 .debug_str     0x00000000000f61f0      0x5ed ./emlib/em_core.o
                                      0xe5e62 (size before relaxing)
 .debug_str     0x00000000000f67dd      0x892 ./emlib/em_crypto.o
                                      0xeba9b (size before relaxing)
 .debug_str     0x00000000000f706f      0x3fb ./emlib/em_gpio.o
                                      0xe5da0 (size before relaxing)
 .debug_str     0x00000000000f746a      0x50e ./emlib/em_msc.o
                                      0xe5518 (size before relaxing)
 .debug_str     0x00000000000f7978       0xea ./emlib/em_system.o
                                      0xe533d (size before relaxing)
 .debug_str     0x00000000000f7a62      0x4c1 ./emlib/em_timer.o
                                      0xe5a3f (size before relaxing)
 .debug_str     0x00000000000f7f23       0xa8 ./gpio-activation/btl_gpio_activation.o
                                      0xe81eb (size before relaxing)
 .debug_str     0x00000000000f7fcb      0x358 ./mbedtls/crypto_aes.o
                                      0xed10c (size before relaxing)
 .debug_str     0x00000000000f8323      0x21a ./mbedtls/crypto_management.o
                                      0xed031 (size before relaxing)
 .debug_str     0x00000000000f853d      0x23f ./mbedtls/crypto_sha.o
                                      0xed063 (size before relaxing)
 .debug_str     0x00000000000f877c      0x32e ./mbedtls/shax.o
                                      0xe9758 (size before relaxing)
 .debug_str     0x00000000000f8aaa      0x12d ./parser/btl_gbl_custom_tags.o
                                       0x483d (size before relaxing)
 .debug_str     0x00000000000f8bd7      0x14f ./parser/btl_image_parser.o
                                      0xea64d (size before relaxing)
 .debug_str     0x00000000000f8d26       0x9f ./token-management/btl_security_tokens.o
                                      0xe4f79 (size before relaxing)
 .debug_str     0x00000000000f8dc5     0x38a6 ./uart-driver/btl_driver_uart.o
                                      0xee272 (size before relaxing)

.debug_frame    0x0000000000000000     0x17b8
 .debug_frame   0x0000000000000000       0xb8 ./CMSIS/system_bgm1.o
 .debug_frame   0x00000000000000b8       0x7c ./bgapi-uart-dfu/btl_comm_bgapi.o
 .debug_frame   0x0000000000000134       0x38 ./core/EFR32/gcc/main_btl_startup.o
 .debug_frame   0x000000000000016c       0x30 ./core/btl_core.o
 .debug_frame   0x000000000000019c       0x70 ./core/btl_main.o
 .debug_frame   0x000000000000020c       0x28 ./crc/btl_crc32.o
 .debug_frame   0x0000000000000234       0x8c ./crypto/btl_security_aes.o
 .debug_frame   0x00000000000002c0       0x38 ./crypto/btl_security_ecdsa.o
 .debug_frame   0x00000000000002f8       0x64 ./crypto/btl_security_sha256.o
 .debug_frame   0x000000000000035c      0x1b8 ./crypto/ecc.o
 .debug_frame   0x0000000000000514       0x68 ./delay-driver/btl_driver_delay.o
 .debug_frame   0x000000000000057c      0x324 ./emlib/em_cmu.o
 .debug_frame   0x00000000000008a0      0x1f8 ./emlib/em_core.o
 .debug_frame   0x0000000000000a98      0x420 ./emlib/em_crypto.o
 .debug_frame   0x0000000000000eb8       0x8c ./emlib/em_gpio.o
 .debug_frame   0x0000000000000f44       0xd8 ./emlib/em_msc.o
 .debug_frame   0x000000000000101c       0x30 ./emlib/em_system.o
 .debug_frame   0x000000000000104c       0x88 ./emlib/em_timer.o
 .debug_frame   0x00000000000010d4       0x30 ./gpio-activation/btl_gpio_activation.o
 .debug_frame   0x0000000000001104      0x1f0 ./mbedtls/crypto_aes.o
 .debug_frame   0x00000000000012f4       0x60 ./mbedtls/crypto_management.o
 .debug_frame   0x0000000000001354       0x40 ./mbedtls/crypto_sha.o
 .debug_frame   0x0000000000001394      0x1fc ./mbedtls/shax.o
 .debug_frame   0x0000000000001590       0x30 ./parser/btl_gbl_custom_tags.o
 .debug_frame   0x00000000000015c0       0x60 ./parser/btl_image_parser.o
 .debug_frame   0x0000000000001620       0x40 ./token-management/btl_security_tokens.o
 .debug_frame   0x0000000000001660       0xe4 ./uart-driver/btl_driver_uart.o
 .debug_frame   0x0000000000001744       0x2c /home/burin/SimplicityStudio_v4/developer/toolchains/gnu_arm/7.2_2017q4/bin/../lib/gcc/arm-none-eabi/7.2.1/../../../../arm-none-eabi/lib/thumb/v7e-m/fpv4-sp/softfp/libc_nano.a(lib_a-memcmp.o)
 .debug_frame   0x0000000000001770       0x28 /home/burin/SimplicityStudio_v4/developer/toolchains/gnu_arm/7.2_2017q4/bin/../lib/gcc/arm-none-eabi/7.2.1/../../../../arm-none-eabi/lib/thumb/v7e-m/fpv4-sp/softfp/libc_nano.a(lib_a-memcpy-stub.o)
 .debug_frame   0x0000000000001798       0x20 /home/burin/SimplicityStudio_v4/developer/toolchains/gnu_arm/7.2_2017q4/bin/../lib/gcc/arm-none-eabi/7.2.1/../../../../arm-none-eabi/lib/thumb/v7e-m/fpv4-sp/softfp/libc_nano.a(lib_a-memset.o)
